Traceback (most recent call last):
  File "/home/svogt/.anaconda/envs/beep_test/bin/pytest", line 11, in <module>
    sys.exit(console_main())
  File "/home/svogt/.anaconda/envs/beep_test/lib/python3.9/site-packages/_pytest/config/__init__.py", line 187, in console_main
    code = main()
  File "/home/svogt/.anaconda/envs/beep_test/lib/python3.9/site-packages/_pytest/config/__init__.py", line 145, in main
    config = _prepareconfig(args, plugins)
  File "/home/svogt/.anaconda/envs/beep_test/lib/python3.9/site-packages/_pytest/config/__init__.py", line 324, in _prepareconfig
    config = pluginmanager.hook.pytest_cmdline_parse(
  File "/home/svogt/.anaconda/envs/beep_test/lib/python3.9/site-packages/pluggy/_hooks.py", line 265, in __call__
    return self._hookexec(self.name, self.get_hookimpls(), kwargs, firstresult)
  File "/home/svogt/.anaconda/envs/beep_test/lib/python3.9/site-packages/pluggy/_manager.py", line 80, in _hookexec
    return self._inner_hookexec(hook_name, methods, kwargs, firstresult)
  File "/home/svogt/.anaconda/envs/beep_test/lib/python3.9/site-packages/pluggy/_callers.py", line 55, in _multicall
    gen.send(outcome)
  File "/home/svogt/.anaconda/envs/beep_test/lib/python3.9/site-packages/_pytest/helpconfig.py", line 102, in pytest_cmdline_parse
    config: Config = outcome.get_result()
  File "/home/svogt/.anaconda/envs/beep_test/lib/python3.9/site-packages/pluggy/_result.py", line 60, in get_result
    raise ex[1].with_traceback(ex[2])
  File "/home/svogt/.anaconda/envs/beep_test/lib/python3.9/site-packages/pluggy/_callers.py", line 39, in _multicall
    res = hook_impl.function(*args)
  File "/home/svogt/.anaconda/envs/beep_test/lib/python3.9/site-packages/_pytest/config/__init__.py", line 1016, in pytest_cmdline_parse
    self.parse(args)
  File "/home/svogt/.anaconda/envs/beep_test/lib/python3.9/site-packages/_pytest/config/__init__.py", line 1304, in parse
    self._preparse(args, addopts=addopts)
  File "/home/svogt/.anaconda/envs/beep_test/lib/python3.9/site-packages/_pytest/config/__init__.py", line 1187, in _preparse
    self.pluginmanager.load_setuptools_entrypoints("pytest11")
  File "/home/svogt/.anaconda/envs/beep_test/lib/python3.9/site-packages/pluggy/_manager.py", line 287, in load_setuptools_entrypoints
    plugin = ep.load()
  File "/home/svogt/.anaconda/envs/beep_test/lib/python3.9/importlib/metadata.py", line 86, in load
    module = import_module(match.group('module'))
  File "/home/svogt/.anaconda/envs/beep_test/lib/python3.9/importlib/__init__.py", line 127, in import_module
    return _bootstrap._gcd_import(name[level:], package, level)
  File "<frozen importlib._bootstrap>", line 1030, in _gcd_import
  File "<frozen importlib._bootstrap>", line 1007, in _find_and_load
  File "<frozen importlib._bootstrap>", line 972, in _find_and_load_unlocked
  File "<frozen importlib._bootstrap>", line 228, in _call_with_frames_removed
  File "<frozen importlib._bootstrap>", line 1030, in _gcd_import
  File "<frozen importlib._bootstrap>", line 1007, in _find_and_load
  File "<frozen importlib._bootstrap>", line 986, in _find_and_load_unlocked
  File "<frozen importlib._bootstrap>", line 680, in _load_unlocked
  File "/home/svogt/.anaconda/envs/beep_test/lib/python3.9/site-packages/_pytest/assertion/rewrite.py", line 168, in exec_module
    exec(co, module.__dict__)
  File "/home/svogt/.anaconda/envs/beep_test/lib/python3.9/site-packages/qcfractal/__init__.py", line 5, in <module>
    from . import interface
  File "/home/svogt/.anaconda/envs/beep_test/lib/python3.9/site-packages/_pytest/assertion/rewrite.py", line 168, in exec_module
    exec(co, module.__dict__)
  File "/home/svogt/.anaconda/envs/beep_test/lib/python3.9/site-packages/qcfractal/interface/__init__.py", line 5, in <module>
    from . import collections, data, models, util
  File "/home/svogt/.anaconda/envs/beep_test/lib/python3.9/site-packages/_pytest/assertion/rewrite.py", line 168, in exec_module
    exec(co, module.__dict__)
  File "/home/svogt/.anaconda/envs/beep_test/lib/python3.9/site-packages/qcfractal/interface/collections/__init__.py", line 7, in <module>
    from .dataset_view import DatasetView, HDF5View, PlainTextView, RemoteView
  File "/home/svogt/.anaconda/envs/beep_test/lib/python3.9/site-packages/_pytest/assertion/rewrite.py", line 168, in exec_module
    exec(co, module.__dict__)
  File "/home/svogt/.anaconda/envs/beep_test/lib/python3.9/site-packages/qcfractal/interface/collections/dataset_view.py", line 14, in <module>
    import h5py
  File "/home/svogt/.anaconda/envs/beep_test/lib/python3.9/site-packages/h5py/__init__.py", line 33, in <module>
    from . import version
  File "/home/svogt/.anaconda/envs/beep_test/lib/python3.9/site-packages/h5py/version.py", line 15, in <module>
    from . import h5 as _h5
  File "h5py/h5.pyx", line 1, in init h5py.h5
ImportError: /home/svogt/.anaconda/envs/beep_test/lib/python3.9/site-packages/h5py/defs.cpython-39-x86_64-linux-gnu.so: undefined symbol: H5Pset_fapl_ros3
